{"derived_error": 2.1850607656581644e-08, "printed_error": 2.1850607656581644e-08, "derived_Bhat": [-0.644217687237691, 1.7648421872844886], "printed_Bhat": [-0.644217687237691, 1.7648421872844886], "case": "oscillator_k1.0_h0.04", "parameters": {"h": 0.04, "kappa": 1.0}, "status": "completed", "seconds": 0.020548582077026367}
{"derived_error": 1.3614085969670953e-09, "printed_error": 1.3614085969670953e-09, "derived_Bhat": [-0.644217687237691, 1.7648421872844886], "printed_Bhat": [-0.644217687237691, 1.7648421872844886], "case": "oscillator_k1.0_h0.02", "parameters": {"h": 0.02, "kappa": 1.0}, "status": "completed", "seconds": 0.03290987014770508}
{"derived_error": 8.495493197813175e-11, "printed_error": 8.495493197813175e-11, "derived_Bhat": [-0.644217687237691, 1.7648421872844886], "printed_Bhat": [-0.644217687237691, 1.7648421872844886], "case": "oscillator_k1.0_h0.01", "parameters": {"h": 0.01, "kappa": 1.0}, "status": "completed", "seconds": 0.07356762886047363}
{"derived_error": 3.0383970378577985e-07, "printed_error": 1.1098065034236748, "derived_Bhat": [-0.49272486499423007, 1.169967142900241], "printed_Bhat": [-0.9854497299884601, 1.169967142900241], "case": "oscillator_k2.0_h0.04", "parameters": {"h": 0.04, "kappa": 2.0}, "status": "completed", "seconds": 0.02100682258605957}
{"derived_error": 1.917341421742158e-08, "printed_error": 1.1099968501203787, "derived_Bhat": [-0.49272486499423007, 1.169967142900241], "printed_Bhat": [-0.9854497299884601, 1.169967142900241], "case": "oscillator_k2.0_h0.02", "parameters": {"h": 0.02, "kappa": 2.0}, "status": "completed", "seconds": 0.041844844818115234}
{"derived_error": 1.2154776629635933e-09, "printed_error": 1.110046626540428, "derived_Bhat": [-0.49272486499423007, 1.169967142900241], "printed_Bhat": [-0.9854497299884601, 1.169967142900241], "case": "oscillator_k2.0_h0.01", "parameters": {"h": 0.01, "kappa": 2.0}, "status": "completed", "seconds": 0.08777070045471191}
{"y_error": 0.0004463087805789203, "x_error": 0.00044630871824404103, "final_x": 0.0005070898067681409, "case": "population_h0.04", "parameters": {"h": 0.04}, "status": "completed", "seconds": 0.004652738571166992}
{"y_error": 2.802107928679111e-05, "x_error": 2.802107544757021e-05, "final_x": 0.0009253774495646117, "case": "population_h0.02", "parameters": {"h": 0.02}, "status": "completed", "seconds": 0.010103702545166016}
{"y_error": 1.7552186196656167e-06, "x_error": 1.755218381467626e-06, "final_x": 0.0009516433066307143, "case": "population_h0.01", "parameters": {"h": 0.01}, "status": "completed", "seconds": 0.026261568069458008}
{"identity_error": 4.020926702708039e-09, "Bhat": 0.20875308308079277, "quadrature_nodes": 24, "case": "mixed_h0.04", "parameters": {"h": 0.04}, "status": "completed", "seconds": 0.052187204360961914}
{"identity_error": 2.512008379085273e-10, "Bhat": 0.20875308308079277, "quadrature_nodes": 24, "case": "mixed_h0.02", "parameters": {"h": 0.02}, "status": "completed", "seconds": 0.0960698127746582}
{"identity_error": 1.5690559962422412e-11, "Bhat": 0.20875308308079277, "quadrature_nodes": 24, "case": "mixed_h0.01", "parameters": {"h": 0.01}, "status": "completed", "seconds": 0.21861481666564941}
{"derived_error": 7.84128428854558e-10, "printed_error": 0.6706113180953721, "case": "time_varying_h0.04", "parameters": {"h": 0.04}, "status": "completed", "seconds": 0.043038368225097656}
{"derived_error": 4.900524430695441e-11, "printed_error": 0.6706113177750628, "case": "time_varying_h0.02", "parameters": {"h": 0.02}, "status": "completed", "seconds": 0.08887863159179688}
{"derived_error": 3.0634383918481944e-12, "printed_error": 0.6706113177550892, "case": "time_varying_h0.01", "parameters": {"h": 0.01}, "status": "completed", "seconds": 0.15857696533203125}
{"identity_error": 1.4430918682251104e-08, "case": "proportional_h0.04", "parameters": {"h": 0.04}, "status": "completed", "seconds": 0.011913061141967773}
{"identity_error": 9.011298374161925e-10, "case": "proportional_h0.02", "parameters": {"h": 0.02}, "status": "completed", "seconds": 0.022672653198242188}
{"identity_error": 5.630518273846974e-11, "case": "proportional_h0.01", "parameters": {"h": 0.01}, "status": "completed", "seconds": 0.0438838005065918}
{"same_input_identity_error": 7.696636992204252e-11, "continuous_feedback_reference_error": 0.015015573872283194, "final_x": 1.268527449670548e-05, "K": -3.6442376007810178, "delay": 0.6, "case": "closed_loop_h0.04", "parameters": {"h": 0.04}, "status": "completed", "seconds": 0.018419265747070312}
{"same_input_identity_error": 5.168517429076828e-11, "continuous_feedback_reference_error": 0.007431913049128214, "final_x": 1.6165016335951934e-05, "K": -3.6442376007810178, "delay": 0.6, "case": "closed_loop_h0.02", "parameters": {"h": 0.02}, "status": "completed", "seconds": 0.050797462463378906}
{"same_input_identity_error": 2.0141774382211915e-09, "continuous_feedback_reference_error": 0.0036972811297807384, "final_x": 1.8180654036928422e-05, "K": -3.6442376007810178, "delay": 0.6, "case": "closed_loop_h0.01", "parameters": {"h": 0.01}, "status": "completed", "seconds": 0.15832209587097168}
{"identity_error": 1.5692780408471663e-11, "Bhat": 0.20875308308079277, "quadrature_nodes": 48, "case": "mixed_quadrature48", "parameters": {"h": 0.01, "nq": 48}, "status": "completed", "seconds": 0.3577766418457031}
{"same_input_identity_error": 8.501505069137221e-10, "continuous_feedback_reference_error": 0.003697281129782959, "final_x": 1.8662398796546145e-05, "K": -3.6919219664148666, "delay": 0.613, "case": "closed_loop_offgrid", "parameters": {"h": 0.01, "delay": 0.613}, "status": "completed", "seconds": 0.18253445625305176}
{"derived_error": 3.196265474514348e-10, "printed_error": 0.2872752526157023, "case": "folded_h0.01", "parameters": {"h": 0.01}, "status": "completed", "seconds": 0.01205587387084961}
{"derived_error": 2.0012214108078297e-11, "printed_error": 0.28727525291531664, "case": "folded_h0.005", "parameters": {"h": 0.005}, "status": "completed", "seconds": 0.02076578140258789}
{"derived_error": 1.2529977055919517e-12, "printed_error": 0.28727525293407585, "case": "folded_h0.0025", "parameters": {"h": 0.0025}, "status": "completed", "seconds": 0.04633498191833496}
{"ranks": [{"kappa_h": 1.0, "continuous_rank": 2, "sampled_rank": 2, "held_physical_B": [0.45969769413186023, 0.8414709848078965], "reduced_jump_B": [-1.4161468365471424, 0.9092974268256817]}, {"kappa_h": 1.5707963267948966, "continuous_rank": 2, "sampled_rank": 2, "held_physical_B": [0.40528473456935105, 0.6366197723675814], "reduced_jump_B": [-0.8105694691387022, 7.796343665038751e-17]}, {"kappa_h": 3.141592653589793, "continuous_rank": 0, "sampled_rank": 0, "held_physical_B": [0.20264236728467555, 3.8981718325193755e-17], "reduced_jump_B": [0.0, -7.796343665038751e-17]}, {"kappa_h": 6.283185307179586, "continuous_rank": 2, "sampled_rank": 0, "held_physical_B": [0.0, -3.8981718325193755e-17], "reduced_jump_B": [0.0, -7.796343665038751e-17]}, {"kappa_h": 9.42477796076938, "continuous_rank": 0, "sampled_rank": 0, "held_physical_B": [0.02251581858718617, 3.8981718325193755e-17], "reduced_jump_B": [0.0, -7.796343665038751e-17]}], "final_physical_state": [1.0, 1.4748299973969947e-14], "interpretation": "Printed final condition excludes odd multiples only; sampled controllability actually requires sin(k*h) != 0.", "case": "sampled_oscillator", "parameters": {}, "status": "completed", "seconds": 0.012827873229980469}
